{
  "source": {
    "file": "projectls/defmodsource6.bal"
  },
  "position": {
    "line": 3,
    "character": 19
  },
  "result": [
    {
      "range": {
        "start": {
          "line": 9,
          "character": 12
        },
        "end": {
          "line": 9,
          "character": 17
        }
      },
      "uri": "projectls/modules/lsmod3/lsmod3.bal"
    }
  ]
}
