{
  "source": {
    "file": "rename_table_row_type_parameter2.bal"
  },
  "position": {
    "line": 7,
    "character": 16
  },
  "prepareRename": {
    "valid": true
  },
  "result": {
    "changes": {
      "rename_table_row_type_parameter2.bal": [
        {
          "range": {
            "start": {
              "line": 0,
              "character": 5
            },
            "end": {
              "line": 0,
              "character": 11
            }
          },
          "newText": "Student"
        },
        {
          "range": {
            "start": {
              "line": 6,
              "character": 4
            },
            "end": {
              "line": 6,
              "character": 10
            }
          },
          "newText": "Student"
        },
        {
          "range": {
            "start": {
              "line": 7,
              "character": 10
            },
            "end": {
              "line": 7,
              "character": 16
            }
          },
          "newText": "Student"
        },
        {
          "range": {
            "start": {
              "line": 8,
              "character": 11
            },
            "end": {
              "line": 8,
              "character": 17
            }
          },
          "newText": "Student"
        }
      ]
    }
  }
}
