{
  "source": {
    "file": "rename_map_type_parameter.bal"
  },
  "position": {
    "line": 6,
    "character": 14
  },
  "prepareRename": {
    "valid": true
  },
  "result": {
    "changes": {
      "rename_map_type_parameter.bal": [
        {
          "range": {
            "start": {
              "line": 0,
              "character": 5
            },
            "end": {
              "line": 0,
              "character": 11
            }
          },
          "newText": "Student"
        },
        {
          "range": {
            "start": {
              "line": 6,
              "character": 8
            },
            "end": {
              "line": 6,
              "character": 14
            }
          },
          "newText": "Student"
        }
      ]
    }
  }
}
